exports[`<FormList /> renders correctly 1`] = `
<View
  style={
    Object {
      "backgroundColor": "#f0f1f4",
      "flex": 1,
      "flexDirection": "column",
      "justifyContent": "center",
      "padding": 0,
    }
  }>
  <ScrollView
    dataSource={
      ListViewDataSource {
        "items": 1,
      }
    }
    enableEmptySections={true}
    initialListSize={10}
    onContentSizeChange={[Function]}
    onEndReachedThreshold={1000}
    onKeyboardDidHide={undefined}
    onKeyboardDidShow={undefined}
    onKeyboardWillHide={undefined}
    onKeyboardWillShow={undefined}
    onLayout={[Function]}
    onScroll={[Function]}
    pageSize={1}
    refreshControl={
      <RefreshControl
        onRefresh={[Function]}
        refreshing={false} />
    }
    removeClippedSubviews={true}
    renderRow={[Function]}
    renderSeparator={[Function]}
    scrollEventThrottle={50}
    scrollRenderAheadDistance={1000}
    stickyHeaderIndices={Array []}
    style={
      Object {
        "flex": 1,
      }
    }>
    <View>
      <View
        accessibilityComponentType={undefined}
        accessibilityLabel={undefined}
        accessibilityTraits={undefined}
        accessible={true}
        hitSlop={undefined}
        onLayout={undefined}
        onResponderGrant={[Function]}
        onResponderMove={[Function]}
        onResponderRelease={[Function]}
        onResponderTerminate={[Function]}
        onResponderTerminationRequest={[Function]}
        onStartShouldSetResponder={[Function]}
        style={
          Array [
            Object {
              "backgroundColor": "transparent",
            },
            undefined,
          ]
        }
        testID={undefined}>
        <View
          style={
            Object {
              "alignItems": "center",
              "backgroundColor": "white",
              "flexDirection": "row",
              "padding": 10,
            }
          }>
          <View
            style={
              Object {
                "flex": 1,
              }
            }>
            <Text
              accessible={true}
              allowFontScaling={true}
              ellipsizeMode="tail"
              numberOfLines={2}
              style={
                Object {
                  "color": "black",
                  "fontSize": 18,
                  "fontWeight": "500",
                  "marginBottom": 2,
                }
              }>
              test form
            </Text>
          </View>
        </View>
      </View>
    </View>
    <View
      style={
        Object {
          "backgroundColor": "#dddddd",
          "height": 1,
          "marginLeft": 0,
        }
      } />
  </ScrollView>
</View>
`;
